鉂?鏈夋祴璇曞け璐?
